[2025-08-14 09:40:06] local.ERROR: The "D:\Mi.tasks\laravel-blog_Reader_Editor\laravel-blog\resources\views" directory does not exist. {"exception":"[object] (Symfony\\Component\\Finder\\Exception\\DirectoryNotFoundException(code: 0): The \"D:\\Mi.tasks\\laravel-blog_Reader_Editor\\laravel-blog\\resources\\views\" directory does not exist. at D:\\Mi.tasks\\laravel-blog_Reader_Editor_Admin_Completed\\vendor\\symfony\\finder\\Finder.php:646)
[stacktrace]
#0 D:\\Mi.tasks\\laravel-blog_Reader_Editor_Admin_Completed\\vendor\\laravel\\framework\\src\\Illuminate\\Foundation\\Console\\ViewCacheCommand.php(88): Symfony\\Component\\Finder\\Finder->in(Array)
#1 D:\\Mi.tasks\\laravel-blog_Reader_Editor_Admin_Completed\\vendor\\laravel\\framework\\src\\Illuminate\\Foundation\\Console\\ViewCacheCommand.php(43): Illuminate\\Foundation\\Console\\ViewCacheCommand->bladeFilesIn(Array)
#2 D:\\Mi.tasks\\laravel-blog_Reader_Editor_Admin_Completed\\vendor\\laravel\\framework\\src\\Illuminate\\Collections\\Traits\\EnumeratesValues.php(271): Illuminate\\Foundation\\Console\\ViewCacheCommand->{closure:Illuminate\\Foundation\\Console\\ViewCacheCommand::handle():38}('D:\\\\Mi.tasks\\\\lar...', 0)
#3 D:\\Mi.tasks\\laravel-blog_Reader_Editor_Admin_Completed\\vendor\\laravel\\framework\\src\\Illuminate\\Foundation\\Console\\ViewCacheCommand.php(38): Illuminate\\Support\\Collection->each(Object(Closure))
#4 D:\\Mi.tasks\\laravel-blog_Reader_Editor_Admin_Completed\\vendor\\laravel\\framework\\src\\Illuminate\\Container\\BoundMethod.php(36): Illuminate\\Foundation\\Console\\ViewCacheCommand->handle()
#5 D:\\Mi.tasks\\laravel-blog_Reader_Editor_Admin_Completed\\vendor\\laravel\\framework\\src\\Illuminate\\Container\\Util.php(43): Illuminate\\Container\\BoundMethod::{closure:Illuminate\\Container\\BoundMethod::call():35}()
#6 D:\\Mi.tasks\\laravel-blog_Reader_Editor_Admin_Completed\\vendor\\laravel\\framework\\src\\Illuminate\\Container\\BoundMethod.php(96): Illuminate\\Container\\Util::unwrapIfClosure(Object(Closure))
#7 D:\\Mi.tasks\\laravel-blog_Reader_Editor_Admin_Completed\\vendor\\laravel\\framework\\src\\Illuminate\\Container\\BoundMethod.php(35): Illuminate\\Container\\BoundMethod::callBoundMethod(Object(Illuminate\\Foundation\\Application), Array, Object(Closure))
#8 D:\\Mi.tasks\\laravel-blog_Reader_Editor_Admin_Completed\\vendor\\laravel\\framework\\src\\Illuminate\\Container\\Container.php(797): Illuminate\\Container\\BoundMethod::call(Object(Illuminate\\Foundation\\Application), Array, Array, NULL)
#9 D:\\Mi.tasks\\laravel-blog_Reader_Editor_Admin_Completed\\vendor\\laravel\\framework\\src\\Illuminate\\Console\\Command.php(211): Illuminate\\Container\\Container->call(Array)
#10 D:\\Mi.tasks\\laravel-blog_Reader_Editor_Admin_Completed\\vendor\\symfony\\console\\Command\\Command.php(318): Illuminate\\Console\\Command->execute(Object(Symfony\\Component\\Console\\Input\\ArrayInput), Object(Illuminate\\Console\\OutputStyle))
#11 D:\\Mi.tasks\\laravel-blog_Reader_Editor_Admin_Completed\\vendor\\laravel\\framework\\src\\Illuminate\\Console\\Command.php(180): Symfony\\Component\\Console\\Command\\Command->run(Object(Symfony\\Component\\Console\\Input\\ArrayInput), Object(Illuminate\\Console\\OutputStyle))
#12 D:\\Mi.tasks\\laravel-blog_Reader_Editor_Admin_Completed\\vendor\\laravel\\framework\\src\\Illuminate\\Console\\Concerns\\CallsCommands.php(68): Illuminate\\Console\\Command->run(Object(Symfony\\Component\\Console\\Input\\ArrayInput), Object(Symfony\\Component\\Console\\Output\\NullOutput))
#13 D:\\Mi.tasks\\laravel-blog_Reader_Editor_Admin_Completed\\vendor\\laravel\\framework\\src\\Illuminate\\Console\\Concerns\\CallsCommands.php(41): Illuminate\\Console\\Command->runCommand('view:cache', Array, Object(Symfony\\Component\\Console\\Output\\NullOutput))
#14 D:\\Mi.tasks\\laravel-blog_Reader_Editor_Admin_Completed\\vendor\\laravel\\framework\\src\\Illuminate\\Console\\Concerns\\CallsCommands.php(53): Illuminate\\Console\\Command->callSilent('view:cache', Array)
#15 D:\\Mi.tasks\\laravel-blog_Reader_Editor_Admin_Completed\\vendor\\laravel\\framework\\src\\Illuminate\\Foundation\\Console\\OptimizeCommand.php(48): Illuminate\\Console\\Command->callSilently('view:cache')
#16 D:\\Mi.tasks\\laravel-blog_Reader_Editor_Admin_Completed\\vendor\\laravel\\framework\\src\\Illuminate\\Console\\View\\Components\\Task.php(41): Illuminate\\Foundation\\Console\\OptimizeCommand->{closure:Illuminate\\Foundation\\Console\\OptimizeCommand::handle():48}()
#17 D:\\Mi.tasks\\laravel-blog_Reader_Editor_Admin_Completed\\vendor\\laravel\\framework\\src\\Illuminate\\Console\\View\\Components\\Factory.php(59): Illuminate\\Console\\View\\Components\\Task->render('views', Object(Closure))
#18 D:\\Mi.tasks\\laravel-blog_Reader_Editor_Admin_Completed\\vendor\\laravel\\framework\\src\\Illuminate\\Foundation\\Console\\OptimizeCommand.php(48): Illuminate\\Console\\View\\Components\\Factory->__call('task', Array)
#19 D:\\Mi.tasks\\laravel-blog_Reader_Editor_Admin_Completed\\vendor\\laravel\\framework\\src\\Illuminate\\Container\\BoundMethod.php(36): Illuminate\\Foundation\\Console\\OptimizeCommand->handle()
#20 D:\\Mi.tasks\\laravel-blog_Reader_Editor_Admin_Completed\\vendor\\laravel\\framework\\src\\Illuminate\\Container\\Util.php(43): Illuminate\\Container\\BoundMethod::{closure:Illuminate\\Container\\BoundMethod::call():35}()
#21 D:\\Mi.tasks\\laravel-blog_Reader_Editor_Admin_Completed\\vendor\\laravel\\framework\\src\\Illuminate\\Container\\BoundMethod.php(96): Illuminate\\Container\\Util::unwrapIfClosure(Object(Closure))
#22 D:\\Mi.tasks\\laravel-blog_Reader_Editor_Admin_Completed\\vendor\\laravel\\framework\\src\\Illuminate\\Container\\BoundMethod.php(35): Illuminate\\Container\\BoundMethod::callBoundMethod(Object(Illuminate\\Foundation\\Application), Array, Object(Closure))
#23 D:\\Mi.tasks\\laravel-blog_Reader_Editor_Admin_Completed\\vendor\\laravel\\framework\\src\\Illuminate\\Container\\Container.php(797): Illuminate\\Container\\BoundMethod::call(Object(Illuminate\\Foundation\\Application), Array, Array, NULL)
#24 D:\\Mi.tasks\\laravel-blog_Reader_Editor_Admin_Completed\\vendor\\laravel\\framework\\src\\Illuminate\\Console\\Command.php(211): Illuminate\\Container\\Container->call(Array)
#25 D:\\Mi.tasks\\laravel-blog_Reader_Editor_Admin_Completed\\vendor\\symfony\\console\\Command\\Command.php(318): Illuminate\\Console\\Command->execute(Object(Symfony\\Component\\Console\\Input\\ArgvInput), Object(Illuminate\\Console\\OutputStyle))
#26 D:\\Mi.tasks\\laravel-blog_Reader_Editor_Admin_Completed\\vendor\\laravel\\framework\\src\\Illuminate\\Console\\Command.php(180): Symfony\\Component\\Console\\Command\\Command->run(Object(Symfony\\Component\\Console\\Input\\ArgvInput), Object(Illuminate\\Console\\OutputStyle))
#27 D:\\Mi.tasks\\laravel-blog_Reader_Editor_Admin_Completed\\vendor\\symfony\\console\\Application.php(1092): Illuminate\\Console\\Command->run(Object(Symfony\\Component\\Console\\Input\\ArgvInput), Object(Symfony\\Component\\Console\\Output\\ConsoleOutput))
#28 D:\\Mi.tasks\\laravel-blog_Reader_Editor_Admin_Completed\\vendor\\symfony\\console\\Application.php(341): Symfony\\Component\\Console\\Application->doRunCommand(Object(Illuminate\\Foundation\\Console\\OptimizeCommand), Object(Symfony\\Component\\Console\\Input\\ArgvInput), Object(Symfony\\Component\\Console\\Output\\ConsoleOutput))
#29 D:\\Mi.tasks\\laravel-blog_Reader_Editor_Admin_Completed\\vendor\\symfony\\console\\Application.php(192): Symfony\\Component\\Console\\Application->doRun(Object(Symfony\\Component\\Console\\Input\\ArgvInput), Object(Symfony\\Component\\Console\\Output\\ConsoleOutput))
#30 D:\\Mi.tasks\\laravel-blog_Reader_Editor_Admin_Completed\\vendor\\laravel\\framework\\src\\Illuminate\\Foundation\\Console\\Kernel.php(197): Symfony\\Component\\Console\\Application->run(Object(Symfony\\Component\\Console\\Input\\ArgvInput), Object(Symfony\\Component\\Console\\Output\\ConsoleOutput))
#31 D:\\Mi.tasks\\laravel-blog_Reader_Editor_Admin_Completed\\vendor\\laravel\\framework\\src\\Illuminate\\Foundation\\Application.php(1234): Illuminate\\Foundation\\Console\\Kernel->handle(Object(Symfony\\Component\\Console\\Input\\ArgvInput), Object(Symfony\\Component\\Console\\Output\\ConsoleOutput))
#32 D:\\Mi.tasks\\laravel-blog_Reader_Editor_Admin_Completed\\artisan(16): Illuminate\\Foundation\\Application->handleCommand(Object(Symfony\\Component\\Console\\Input\\ArgvInput))
#33 {main}
"} 
